== phase: moe_e8_k2_aux0  (E=8, top-k=2, aux_coef=0, router_std=1e-3)
data: 5,057,279 chars, vocab 84, train 4,804,416 / val 252,863
loaded runs/dense/ckpt.pkl @ step 2000  (dense)
upcycled dense MLPs -> MoE with E=8, top-k=2, gate_grad=renorm, router_std=0.001
params: total=4,521,216  active/token=1,360,128
step  2000  val 1.6210   (initial, no updates yet)
  expert load per layer (fraction of routing assignments):
  0.09 0.01 0.14 0.06 0.26 0.17 0.24 0.02
  0.20 0.05 0.01 0.37 0.03 0.03 0.07 0.24
  0.04 0.13 0.06 0.06 0.31 0.28 0.07 0.05
  0.20 0.10 0.14 0.06 0.08 0.15 0.13 0.13
step  2100  train 1.5948  val 1.6133  aux 1.222  lr 2.99e-04  |g| 1.27      70s
step  2200  train 1.5939  val 1.6061  aux 1.474  lr 2.93e-04  |g| 1.32     142s
step  2300  train 1.5711  val 1.6058  aux 1.664  lr 2.81e-04  |g| 1.17     212s
step  2400  train 1.5648  val 1.5986  aux 1.760  lr 2.63e-04  |g| 1.22     281s
step  2500  train 1.5555  val 1.5808  aux 1.802  lr 2.41e-04  |g| 1.20     351s
  expert load per layer:
  0.00 0.00 0.00 0.00 0.50 0.00 0.50 0.00
  0.00 0.00 0.00 0.50 0.00 0.00 0.00 0.50
  0.00 0.00 0.00 0.00 0.50 0.50 0.00 0.00
  0.41 0.06 0.36 0.17 0.00 0.00 0.00 0.00
step  2600  train 1.5365  val 1.5803  aux 1.841  lr 2.15e-04  |g| 1.16     420s
step  2700  train 1.5297  val 1.5769  aux 1.868  lr 1.87e-04  |g| 1.21     490s
step  2800  train 1.5002  val 1.5560  aux 1.884  lr 1.58e-04  |g| 1.24     561s
step  2900  train 1.4985  val 1.5529  aux 1.879  lr 1.29e-04  |g| 1.18     630s
step  3000  train 1.4988  val 1.5449  aux 1.909  lr 1.02e-04  |g| 1.20     701s
  expert load per layer:
  0.00 0.00 0.00 0.00 0.50 0.00 0.50 0.00
  0.00 0.00 0.00 0.50 0.00 0.00 0.00 0.50
  0.01 0.00 0.00 0.00 0.48 0.49 0.00 0.02
  0.39 0.08 0.36 0.17 0.00 0.00 0.00 0.00
step  3100  train 1.4788  val 1.5377  aux 1.919  lr 7.78e-05  |g| 1.16     777s
step  3200  train 1.4725  val 1.5322  aux 1.922  lr 5.77e-05  |g| 1.21     849s
step  3300  train 1.4698  val 1.5307  aux 1.935  lr 4.26e-05  |g| 1.14     922s
step  3400  train 1.4691  val 1.5285  aux 1.930  lr 3.32e-05  |g| 1.26     994s
step  3500  train 1.4561  val 1.5251  aux 1.926  lr 3.00e-05  |g| 1.18    1070s
  expert load per layer:
  0.00 0.00 0.00 0.00 0.50 0.00 0.50 0.00
  0.00 0.00 0.00 0.50 0.00 0.00 0.00 0.50
  0.02 0.00 0.00 0.00 0.47 0.48 0.00 0.03
  0.39 0.08 0.34 0.18 0.00 0.00 0.00 0.00

--- sample ---
ROMEO:

A                                                              

     
                                                       

1                                             
Fissister;
                I drave her come to the gad;
  Well. what where hath never his mistress in"dand an son a live.

A
--------------
== phase: moe_e8_k2_aux0p1  (E=8, top-k=2, aux_coef=0.1, router_std=1e-3)
data: 5,057,279 chars, vocab 84, train 4,804,416 / val 252,863
loaded runs/dense/ckpt.pkl @ step 2000  (dense)
upcycled dense MLPs -> MoE with E=8, top-k=2, gate_grad=renorm, router_std=0.001
params: total=4,521,216  active/token=1,360,128
step  2000  val 1.6210   (initial, no updates yet)
  expert load per layer (fraction of routing assignments):
  0.09 0.01 0.14 0.06 0.26 0.17 0.24 0.02
  0.20 0.05 0.01 0.37 0.03 0.03 0.07 0.24
  0.04 0.13 0.06 0.06 0.31 0.28 0.07 0.05
  0.20 0.10 0.14 0.06 0.08 0.15 0.13 0.13
step  2100  train 1.6045  val 1.6261  aux 1.005  lr 2.99e-04  |g| 1.35      72s
step  2200  train 1.6011  val 1.6142  aux 1.000  lr 2.93e-04  |g| 1.31     143s
step  2300  train 1.5744  val 1.6103  aux 1.000  lr 2.81e-04  |g| 1.13     214s
step  2400  train 1.5636  val 1.5987  aux 1.001  lr 2.63e-04  |g| 1.07     287s
step  2500  train 1.5476  val 1.5799  aux 1.000  lr 2.41e-04  |g| 1.09     358s
  expert load per layer:
  0.13 0.13 0.12 0.12 0.16 0.09 0.13 0.12
  0.12 0.13 0.13 0.15 0.13 0.12 0.12 0.10
  0.14 0.12 0.11 0.12 0.13 0.12 0.12 0.13
  0.12 0.12 0.12 0.14 0.12 0.13 0.14 0.12
step  2600  train 1.5230  val 1.5708  aux 1.001  lr 2.15e-04  |g| 1.08     430s
step  2700  train 1.5165  val 1.5634  aux 1.001  lr 1.87e-04  |g| 1.15     501s
step  2800  train 1.4820  val 1.5451  aux 1.001  lr 1.58e-04  |g| 1.08     572s
step  2900  train 1.4788  val 1.5373  aux 1.000  lr 1.29e-04  |g| 1.08     643s
step  3000  train 1.4771  val 1.5310  aux 1.002  lr 1.02e-04  |g| 1.07     714s
  expert load per layer:
  0.11 0.12 0.12 0.11 0.15 0.12 0.12 0.15
  0.13 0.14 0.13 0.12 0.12 0.12 0.12 0.11
  0.16 0.11 0.11 0.13 0.13 0.12 0.12 0.13
  0.13 0.12 0.12 0.13 0.12 0.12 0.14 0.12
step  3100  train 1.4543  val 1.5199  aux 1.000  lr 7.78e-05  |g| 1.02     785s
step  3200  train 1.4466  val 1.5131  aux 1.000  lr 5.77e-05  |g| 1.02     856s
step  3300  train 1.4432  val 1.5097  aux 1.000  lr 4.26e-05  |g| 1.01     927s
step  3400  train 1.4402  val 1.5063  aux 1.000  lr 3.32e-05  |g| 1.16     999s
step  3500  train 1.4269  val 1.5037  aux 1.000  lr 3.00e-05  |g| 1.01    1071s
  expert load per layer:
  0.12 0.12 0.12 0.12 0.13 0.12 0.12 0.14
  0.13 0.14 0.12 0.11 0.12 0.12 0.13 0.12
  0.15 0.13 0.11 0.12 0.13 0.12 0.12 0.13
  0.13 0.11 0.12 0.13 0.14 0.11 0.14 0.13

--- sample ---
ROMEO:

ACWeny. this a counsey churcily

SCENE Queeuth, I thus trumpt me to the much very
forth dries be merry and be the Lord France

CALLIBADT PERCORMACBEY, ORMACIUS was then.]

MISTHERS.
I will not it.

COUNTESS.
Why, sir, And the gad;
Followereing where hath never hither here.

[Exeunt.]



SCENE I. Ro
--------------
== phase: moe_e8_k2_std0  (E=8, top-k=2, aux_coef=0.01, router_std=0)
data: 5,057,279 chars, vocab 84, train 4,804,416 / val 252,863
loaded runs/dense/ckpt.pkl @ step 2000  (dense)
upcycled dense MLPs -> MoE with E=8, top-k=2, gate_grad=renorm, router_std=0
params: total=4,521,216  active/token=1,360,128
step  2000  val 1.6210   (initial, no updates yet)
  expert load per layer (fraction of routing assignments):
  0.50 0.50 0.00 0.00 0.00 0.00 0.00 0.00
  0.50 0.50 0.00 0.00 0.00 0.00 0.00 0.00
  0.50 0.50 0.00 0.00 0.00 0.00 0.00 0.00
  0.50 0.50 0.00 0.00 0.00 0.00 0.00 0.00
step  2100  train 1.6137  val 1.6420  aux 1.000  lr 2.99e-04  |g| 1.42      68s
step  2200  train 1.6161  val 1.6242  aux 1.001  lr 2.93e-04  |g| 1.24     135s
step  2300  train 1.5927  val 1.6253  aux 1.000  lr 2.81e-04  |g| 1.09     203s
step  2400  train 1.5925  val 1.6190  aux 1.001  lr 2.63e-04  |g| 1.19     271s
step  2500  train 1.5865  val 1.6018  aux 1.000  lr 2.41e-04  |g| 1.10     340s
  expert load per layer:
  0.16 0.16 0.09 0.09 0.08 0.08 0.17 0.17
  0.13 0.13 0.13 0.13 0.14 0.14 0.10 0.10
  0.11 0.11 0.13 0.13 0.12 0.12 0.13 0.13
  0.13 0.13 0.13 0.13 0.15 0.15 0.10 0.10
step  2600  train 1.5641  val 1.5994  aux 1.000  lr 2.15e-04  |g| 1.07     408s
step  2700  train 1.5634  val 1.5967  aux 1.000  lr 1.87e-04  |g| 1.15     478s
step  2800  train 1.5322  val 1.5757  aux 1.000  lr 1.58e-04  |g| 1.13     545s
step  2900  train 1.5294  val 1.5709  aux 1.000  lr 1.29e-04  |g| 1.14     614s
step  3000  train 1.5261  val 1.5622  aux 1.000  lr 1.02e-04  |g| 1.06     684s
  expert load per layer:
  0.12 0.12 0.10 0.10 0.12 0.12 0.16 0.16
  0.11 0.11 0.10 0.10 0.13 0.13 0.15 0.15
  0.11 0.11 0.14 0.14 0.14 0.14 0.11 0.11
  0.10 0.10 0.13 0.13 0.15 0.15 0.12 0.12
step  3100  train 1.5079  val 1.5577  aux 1.000  lr 7.78e-05  |g| 1.09     753s
step  3200  train 1.5009  val 1.5488  aux 1.000  lr 5.77e-05  |g| 1.11     825s
step  3300  train 1.4942  val 1.5444  aux 1.000  lr 4.26e-05  |g| 1.09     900s
step  3400  train 1.4941  val 1.5404  aux 1.000  lr 3.32e-05  |g| 1.22     976s
step  3500  train 1.4799  val 1.5369  aux 1.000  lr 3.00e-05  |g| 1.07    1056s
  expert load per layer:
  0.13 0.13 0.13 0.13 0.12 0.12 0.13 0.13
  0.12 0.12 0.13 0.13 0.13 0.13 0.12 0.12
  0.12 0.12 0.12 0.12 0.13 0.13 0.13 0.13
  0.13 0.13 0.11 0.11 0.14 0.14 0.13 0.13

--- sample ---
ROMEO:
A VII.                                                          

     
             I.   The way?---

[Roume at men God: see and how I was not the pale done to what I not how
doss so, what not it is now to him reformed
A call and the many eye well.

PUCHELLEM.
His mine has dishoness' son a live.

A
--------------
== phase: moe_e8_k2_std0p01  (E=8, top-k=2, aux_coef=0.01, router_std=1e-2)
data: 5,057,279 chars, vocab 84, train 4,804,416 / val 252,863
loaded runs/dense/ckpt.pkl @ step 2000  (dense)
upcycled dense MLPs -> MoE with E=8, top-k=2, gate_grad=renorm, router_std=0.01
params: total=4,521,216  active/token=1,360,128
step  2000  val 1.6210   (initial, no updates yet)
  expert load per layer (fraction of routing assignments):
  0.09 0.01 0.14 0.06 0.26 0.17 0.24 0.02
  0.20 0.05 0.01 0.37 0.03 0.03 0.07 0.24
  0.04 0.13 0.06 0.06 0.31 0.28 0.07 0.05
  0.20 0.10 0.14 0.06 0.08 0.15 0.13 0.13
step  2100  train 1.5943  val 1.6170  aux 1.091  lr 2.99e-04  |g| 1.25      72s
step  2200  train 1.5882  val 1.6028  aux 1.193  lr 2.93e-04  |g| 1.23     146s
step  2300  train 1.5620  val 1.5989  aux 1.249  lr 2.81e-04  |g| 1.13     216s
step  2400  train 1.5524  val 1.5847  aux 1.292  lr 2.63e-04  |g| 1.15     284s
step  2500  train 1.5396  val 1.5694  aux 1.316  lr 2.41e-04  |g| 1.10     353s
  expert load per layer:
  0.29 0.03 0.18 0.02 0.01 0.02 0.35 0.09
  0.03 0.02 0.18 0.44 0.09 0.08 0.06 0.11
  0.11 0.07 0.15 0.16 0.07 0.25 0.08 0.10
  0.17 0.09 0.07 0.10 0.15 0.18 0.15 0.09
step  2600  train 1.5169  val 1.5678  aux 1.333  lr 2.15e-04  |g| 1.10     422s
step  2700  train 1.5102  val 1.5592  aux 1.323  lr 1.87e-04  |g| 1.14     493s
step  2800  train 1.4774  val 1.5405  aux 1.333  lr 1.58e-04  |g| 1.16     571s
step  2900  train 1.4752  val 1.5320  aux 1.308  lr 1.29e-04  |g| 1.10     644s
step  3000  train 1.4751  val 1.5223  aux 1.280  lr 1.02e-04  |g| 1.09     713s
  expert load per layer:
  0.24 0.04 0.02 0.05 0.07 0.14 0.39 0.04
  0.07 0.04 0.15 0.45 0.17 0.07 0.03 0.02
  0.16 0.09 0.14 0.13 0.08 0.17 0.10 0.13
  0.17 0.09 0.09 0.11 0.13 0.13 0.14 0.14
step  3100  train 1.4521  val 1.5167  aux 1.264  lr 7.78e-05  |g| 1.04     785s
step  3200  train 1.4449  val 1.5100  aux 1.237  lr 5.77e-05  |g| 1.09     857s
step  3300  train 1.4435  val 1.5063  aux 1.214  lr 4.26e-05  |g| 1.06     928s
step  3400  train 1.4390  val 1.5035  aux 1.202  lr 3.32e-05  |g| 1.13    1000s
step  3500  train 1.4282  val 1.5007  aux 1.184  lr 3.00e-05  |g| 1.07    1075s
  expert load per layer:
  0.22 0.06 0.03 0.09 0.06 0.06 0.38 0.09
  0.09 0.08 0.14 0.41 0.07 0.05 0.09 0.07
  0.15 0.11 0.14 0.13 0.09 0.17 0.10 0.12
  0.16 0.09 0.09 0.12 0.13 0.14 0.14 0.12

--- sample ---
ROMEO:

                                                               
      
                                                       
                                                        
                  I                                           
                             "                      
--------------
ABLATION DONE — python router_analysis.py runs/moe_e8_k2*
