== phase: dense_cont_s1
data: 5,057,279 chars, vocab 84, train 4,804,416 / val 252,863
loaded runs/dense/ckpt.pkl @ step 2000  (dense)
params: total=829,184  active/token=829,184
step  2000  val 1.6210   (initial, no updates yet)
step  2100  train 1.6111  val 1.6131  lr 2.99e-04  |g| 1.20       9s
step  2200  train 1.5863  val 1.6078  lr 2.93e-04  |g| 1.29      17s
step  2300  train 1.5689  val 1.6034  lr 2.81e-04  |g| 1.35      25s
step  2400  train 1.5800  val 1.5929  lr 2.63e-04  |g| 1.41      34s
step  2500  train 1.5746  val 1.5875  lr 2.41e-04  |g| 1.46      42s
step  2600  train 1.5543  val 1.5811  lr 2.15e-04  |g| 1.30      50s
step  2700  train 1.5467  val 1.5748  lr 1.87e-04  |g| 1.51      58s
step  2800  train 1.5374  val 1.5678  lr 1.58e-04  |g| 1.32      66s
step  2900  train 1.5218  val 1.5609  lr 1.29e-04  |g| 1.33      74s
step  3000  train 1.5050  val 1.5574  lr 1.02e-04  |g| 1.34      82s
step  3100  train 1.5170  val 1.5506  lr 7.78e-05  |g| 1.26      90s
step  3200  train 1.5177  val 1.5457  lr 5.77e-05  |g| 1.43      98s
step  3300  train 1.4984  val 1.5428  lr 4.26e-05  |g| 1.37     107s
step  3400  train 1.5167  val 1.5399  lr 3.32e-05  |g| 1.30     114s
step  3500  train 1.4901  val 1.5385  lr 3.00e-05  |g| 1.37     123s

--- sample ---
ROMEO:
IIC. Showle's the country


ANTISTANO OF FRREWNEUS and PANTONY.

[Enter with the poison of high. But we should do
Rossise to possess for a comman sir, if the doe
of more. I am the hour make the enfand eyes,
And content so seekly no very to king, excutio.

SILIFID.
Who means they that that therefore 
--------------
== phase: moe_e8_rec_s1
data: 5,057,279 chars, vocab 84, train 4,804,416 / val 252,863
loaded runs/dense/ckpt.pkl @ step 2000  (dense)
upcycled dense MLPs -> MoE with E=8, top-k=2, gate_grad=renorm, router_std=0.01
params: total=4,521,216  active/token=1,360,128
step  2000  val 1.6210   (initial, no updates yet)
  expert load per layer (fraction of routing assignments):
  0.03 0.00 0.28 0.37 0.05 0.05 0.11 0.10
  0.31 0.04 0.11 0.15 0.03 0.03 0.09 0.24
  0.08 0.31 0.10 0.04 0.05 0.21 0.06 0.16
  0.15 0.06 0.19 0.22 0.11 0.10 0.07 0.10
step  2100  train 1.6185  val 1.6167  aux 1.004  lr 2.99e-04  |g| 1.11      68s
step  2200  train 1.5850  val 1.6154  aux 1.002  lr 2.93e-04  |g| 1.13     137s
step  2300  train 1.5613  val 1.6019  aux 1.002  lr 2.81e-04  |g| 1.25     205s
step  2400  train 1.5637  val 1.5863  aux 1.000  lr 2.63e-04  |g| 1.23     273s
step  2500  train 1.5511  val 1.5770  aux 1.001  lr 2.41e-04  |g| 1.12     341s
  expert load per layer:
  0.13 0.14 0.13 0.10 0.13 0.14 0.12 0.12
  0.14 0.14 0.10 0.11 0.11 0.17 0.09 0.13
  0.13 0.12 0.11 0.13 0.13 0.13 0.13 0.12
  0.11 0.10 0.12 0.15 0.11 0.13 0.12 0.14
step  2600  train 1.5263  val 1.5649  aux 1.000  lr 2.15e-04  |g| 1.06     408s
step  2700  train 1.5129  val 1.5519  aux 1.000  lr 1.87e-04  |g| 1.13     475s
step  2800  train 1.4990  val 1.5455  aux 1.000  lr 1.58e-04  |g| 1.12     542s
step  2900  train 1.4779  val 1.5329  aux 1.001  lr 1.29e-04  |g| 1.06     611s
step  3000  train 1.4591  val 1.5263  aux 1.000  lr 1.02e-04  |g| 1.00     679s
  expert load per layer:
  0.14 0.10 0.12 0.13 0.12 0.12 0.15 0.12
  0.13 0.13 0.12 0.12 0.12 0.13 0.13 0.11
  0.14 0.13 0.13 0.12 0.11 0.14 0.12 0.11
  0.12 0.12 0.13 0.13 0.12 0.15 0.11 0.11
step  3100  train 1.4683  val 1.5173  aux 1.001  lr 7.78e-05  |g| 1.05     751s
step  3200  train 1.4635  val 1.5102  aux 1.000  lr 5.77e-05  |g| 1.11     821s
step  3300  train 1.4445  val 1.5065  aux 1.001  lr 4.26e-05  |g| 1.13     888s
step  3400  train 1.4586  val 1.5028  aux 1.000  lr 3.32e-05  |g| 1.11     956s
step  3500  train 1.4324  val 1.5001  aux 1.001  lr 3.00e-05  |g| 1.09    1025s
  expert load per layer:
  0.13 0.12 0.13 0.11 0.12 0.12 0.14 0.12
  0.13 0.13 0.12 0.13 0.11 0.13 0.13 0.13
  0.14 0.12 0.13 0.12 0.12 0.14 0.11 0.12
  0.12 0.13 0.12 0.14 0.12 0.12 0.13 0.13

--- sample ---
ROMEO:
FIEDER.  IV. What you are
he his fat trenged and sent me 't?

Ham.
[Reads.]

Come. Tell me a red, and the wry are other to this renow to bed
corrany again, and till the stretches.

[Enter PAROLLES, WARTSHUMUS, YORK, Which stross with HECTOR, bridd
Of allow ome serns; and so filely with's a Piteous o
--------------
== phase: dense_cont_s2
data: 5,057,279 chars, vocab 84, train 4,804,416 / val 252,863
loaded runs/dense/ckpt.pkl @ step 2000  (dense)
params: total=829,184  active/token=829,184
step  2000  val 1.6210   (initial, no updates yet)
step  2100  train 1.5987  val 1.6139  lr 2.99e-04  |g| 1.31       9s
step  2200  train 1.6031  val 1.6101  lr 2.93e-04  |g| 1.29      17s
step  2300  train 1.5842  val 1.6005  lr 2.81e-04  |g| 1.43      26s
step  2400  train 1.5660  val 1.5977  lr 2.63e-04  |g| 1.45      34s
step  2500  train 1.5630  val 1.5921  lr 2.41e-04  |g| 1.34      42s
step  2600  train 1.5502  val 1.5839  lr 2.15e-04  |g| 1.40      51s
step  2700  train 1.5452  val 1.5753  lr 1.87e-04  |g| 1.38      59s
step  2800  train 1.5409  val 1.5737  lr 1.58e-04  |g| 1.36      68s
step  2900  train 1.5240  val 1.5660  lr 1.29e-04  |g| 1.58      76s
step  3000  train 1.5293  val 1.5574  lr 1.02e-04  |g| 1.35      85s
step  3100  train 1.5181  val 1.5526  lr 7.78e-05  |g| 1.33      93s
step  3200  train 1.5185  val 1.5487  lr 5.77e-05  |g| 1.41     102s
step  3300  train 1.5005  val 1.5440  lr 4.26e-05  |g| 1.50     110s
step  3400  train 1.4962  val 1.5401  lr 3.32e-05  |g| 1.41     118s
step  3500  train 1.4866  val 1.5409  lr 3.00e-05  |g| 1.32     126s

--- sample ---
ROMEO:
III. A gold not not wit.

BARDARINE.                                                                             
SCENE, a busines.


STALLEY.
I know you with thee, my good live, my lord.

[Exeunt and eyes, within.]

MISBELLEW.
My lord, then, give you hear even in the meet.
Not, that is you?

MERLAN
--------------
== phase: moe_e8_rec_s2
data: 5,057,279 chars, vocab 84, train 4,804,416 / val 252,863
loaded runs/dense/ckpt.pkl @ step 2000  (dense)
upcycled dense MLPs -> MoE with E=8, top-k=2, gate_grad=renorm, router_std=0.01
params: total=4,521,216  active/token=1,360,128
step  2000  val 1.6210   (initial, no updates yet)
  expert load per layer (fraction of routing assignments):
  0.06 0.05 0.07 0.30 0.00 0.23 0.22 0.07
  0.06 0.00 0.07 0.29 0.06 0.30 0.03 0.18
  0.22 0.33 0.05 0.03 0.14 0.06 0.03 0.14
  0.09 0.12 0.23 0.14 0.14 0.15 0.05 0.08
step  2100  train 1.6066  val 1.6236  aux 1.000  lr 2.99e-04  |g| 1.20      68s
step  2200  train 1.6048  val 1.6172  aux 1.000  lr 2.93e-04  |g| 1.19     137s
step  2300  train 1.5750  val 1.5993  aux 1.002  lr 2.81e-04  |g| 1.19     207s
step  2400  train 1.5511  val 1.5940  aux 1.003  lr 2.63e-04  |g| 1.09     275s
step  2500  train 1.5410  val 1.5756  aux 1.000  lr 2.41e-04  |g| 1.02     345s
  expert load per layer:
  0.18 0.18 0.10 0.13 0.12 0.08 0.14 0.07
  0.14 0.14 0.09 0.11 0.17 0.12 0.14 0.09
  0.13 0.15 0.13 0.14 0.11 0.11 0.12 0.11
  0.12 0.12 0.12 0.13 0.13 0.15 0.13 0.10
step  2600  train 1.5220  val 1.5649  aux 1.001  lr 2.15e-04  |g| 1.29     414s
step  2700  train 1.5099  val 1.5497  aux 1.000  lr 1.87e-04  |g| 1.11     481s
step  2800  train 1.5018  val 1.5473  aux 1.001  lr 1.58e-04  |g| 1.06     547s
step  2900  train 1.4798  val 1.5396  aux 1.001  lr 1.29e-04  |g| 1.17     615s
step  3000  train 1.4824  val 1.5278  aux 1.000  lr 1.02e-04  |g| 1.06     683s
  expert load per layer:
  0.15 0.12 0.13 0.12 0.12 0.12 0.13 0.11
  0.13 0.12 0.10 0.13 0.13 0.14 0.12 0.13
  0.13 0.12 0.14 0.12 0.11 0.12 0.12 0.13
  0.12 0.12 0.12 0.13 0.13 0.14 0.12 0.11
step  3100  train 1.4680  val 1.5185  aux 1.002  lr 7.78e-05  |g| 1.10     751s
step  3200  train 1.4646  val 1.5131  aux 1.002  lr 5.77e-05  |g| 1.09     819s
step  3300  train 1.4472  val 1.5066  aux 1.002  lr 4.26e-05  |g| 1.20     887s
step  3400  train 1.4388  val 1.5005  aux 1.002  lr 3.32e-05  |g| 1.14     954s
step  3500  train 1.4284  val 1.5008  aux 1.002  lr 3.00e-05  |g| 1.07    1022s
  expert load per layer:
  0.15 0.12 0.11 0.12 0.13 0.12 0.13 0.12
  0.12 0.12 0.12 0.12 0.14 0.13 0.12 0.12
  0.13 0.13 0.15 0.12 0.12 0.11 0.12 0.13
  0.13 0.12 0.11 0.13 0.13 0.14 0.12 0.11

--- sample ---
ROMEO:
ANV.



SCENE 1. 

.               ?             "                                                                                                                    
                                                            "           As I thine better, who
both the will die us too lie late, for
--------------
SEEDS DONE — python seeds_report.py
